[themetrading.com/html/runaway/template/regular/index-33.html]
[themetrading.com/html/runaway/template/regular/images/favicon.ico]
[backblue.gif]
[fade.gif]
[index.html]
[themetrading.com/html/runaway/template/regular/images/logo/15.png]
[themetrading.com/html/runaway/template/regular/images/logo/16.png]
[themetrading.com/html/runaway/template/regular/images/logo/17.png]
[themetrading.com/html/runaway/template/regular/images/logo/18.png]
[themetrading.com/html/runaway/template/regular/images/logo/19.png]
[themetrading.com/html/runaway/template/regular/images/logo/20.png]
[themetrading.com/html/runaway/template/regular/images/logo/21.png]
[themetrading.com/html/runaway/template/regular/images/logo/22.png]
[themetrading.com/html/runaway/template/regular/images/logo/23.png]
[themetrading.com/html/runaway/template/regular/images/logo/24.png]
[themetrading.com/html/runaway/template/regular/images/logo/25.png]
[themetrading.com/html/runaway/template/regular/images/logo/26.png]
[themetrading.com/html/runaway/template/regular/images/logo/27.png]
[themetrading.com/html/runaway/template/regular/images/logo/28.png]
[themetrading.com/html/runaway/template/regular/index-5.html]
[themetrading.com/html/runaway/template/regular/index-6.html]
[themetrading.com/html/runaway/template/regular/images/about/03.png]
[themetrading.com/html/runaway/template/regular/images/portfolio/01.jpg]
[themetrading.com/html/runaway/template/regular/images/portfolio/02.jpg]
[themetrading.com/html/runaway/template/regular/images/portfolio/03.jpg]
[themetrading.com/html/runaway/template/regular/images/portfolio/04.jpg]
[themetrading.com/html/runaway/template/regular/images/portfolio/05.jpg]
[themetrading.com/html/runaway/template/regular/images/portfolio/06.jpg]
[themetrading.com/html/runaway/template/regular/images/testimonial/01.jpg]
[themetrading.com/html/runaway/template/regular/images/testimonial/02.jpg]
[themetrading.com/html/runaway/template/regular/images/testimonial/03.jpg]
[themetrading.com/html/runaway/template/regular/images/testimonial/04.jpg]
[themetrading.com/html/runaway/template/regular/images/blog/01.jpg]
[themetrading.com/html/runaway/template/regular/blog-details-black.html]
[themetrading.com/html/runaway/template/regular/images/about/02.jpg]
[themetrading.com/html/runaway/template/regular/images/blog/02.jpg]
[themetrading.com/html/runaway/template/regular/images/blog/03.jpg]
[themetrading.com/html/runaway/template/regular/blog-black.html]
[themetrading.com/html/runaway/template/regular/index-33.html]
[themetrading.com/html/runaway/template/regular/css/bootstrap.min.css]
[themetrading.com/html/runaway/template/regular/css/font-awesome.min.css]
[themetrading.com/html/runaway/template/regular/fonts/flaticon.css]
[themetrading.com/html/runaway/template/regular/css/plugins.css]
[themetrading.com/html/runaway/template/regular/images/slider/03.jpg]
[themetrading.com/html/runaway/template/regular/images/background/01.jpg]
[themetrading.com/html/runaway/template/regular/images/slider/04.jpg]
[themetrading.com/html/runaway/template/regular/images/slider/05.jpg]
[themetrading.com/html/runaway/template/regular/images/slider/06.jpg]
[themetrading.com/html/runaway/template/regular/images/footer.png]
[themetrading.com/html/runaway/template/regular/images/background/02.jpg]
[themetrading.com/html/runaway/template/regular/images/background/03.png]
[themetrading.com/html/runaway/template/regular/images/background/04.jpg]
[themetrading.com/html/runaway/template/regular/images/slider/07.jpg]
[themetrading.com/html/runaway/template/regular/images/slider/08.jpg]
[themetrading.com/html/runaway/template/regular/images/slider/09.jpg]
[themetrading.com/html/runaway/template/regular/images/slider/10.jpg]
[themetrading.com/html/runaway/template/regular/images/slider/11.jpg]
[themetrading.com/html/runaway/template/regular/images/pattan.png]
[themetrading.com/html/runaway/template/regular/images/fancybox/fancybox_loading.gif]
[themetrading.com/html/runaway/template/regular/images/testimonial/clone.png]
[themetrading.com/html/runaway/template/regular/images/bg-image/bg-1.jpg]
[themetrading.com/html/runaway/template/regular/images/bg-image/bg-2.jpg]
[themetrading.com/html/runaway/template/regular/images/bg-image/bg-3.jpg]
[themetrading.com/html/runaway/template/regular/images/bg-image/bg-4.jpg]
[themetrading.com/html/runaway/template/regular/images/bg-image/bg-5.jpg]
[themetrading.com/html/runaway/template/regular/images/bg-image/bg-6.jpg]
[themetrading.com/html/runaway/template/regular/images/bg-image/bg-7.jpg]
[themetrading.com/html/runaway/template/regular/images/bg-image/bg-8.jpg]
[themetrading.com/html/runaway/template/regular/images/bg-image/bg-9.jpg]
[themetrading.com/html/runaway/template/regular/images/bg-image/bg-10.jpg]
[themetrading.com/html/runaway/template/regular/images/bg-image/pattern/1.png]
[themetrading.com/html/runaway/template/regular/images/bg-image/pattern/2.png]
[themetrading.com/html/runaway/template/regular/images/bg-image/pattern/3.png]
[themetrading.com/html/runaway/template/regular/images/bg-image/pattern/4.png]
[themetrading.com/html/runaway/template/regular/images/bg-image/pattern/5.png]
[themetrading.com/html/runaway/template/regular/css/style.css]
[themetrading.com/html/runaway/template/regular/css/color.css]
[themetrading.com/html/runaway/template/regular/images/logo/1.png]
[themetrading.com/html/runaway/template/regular/images/logo/2.png]
[themetrading.com/html/runaway/template/regular/images/logo/3.png]
[themetrading.com/html/runaway/template/regular/images/logo/4.png]
[themetrading.com/html/runaway/template/regular/images/logo/5.png]
[themetrading.com/html/runaway/template/regular/images/logo/6.png]
[themetrading.com/html/runaway/template/regular/images/logo/7.png]
[themetrading.com/html/runaway/template/regular/images/logo/8.png]
[themetrading.com/html/runaway/template/regular/images/logo/9.png]
[themetrading.com/html/runaway/template/regular/images/logo/10.png]
[themetrading.com/html/runaway/template/regular/images/logo/11.png]
[themetrading.com/html/runaway/template/regular/images/logo/12.png]
[themetrading.com/html/runaway/template/regular/images/logo/13.png]
[themetrading.com/html/runaway/template/regular/images/logo/14.png]
[themetrading.com/html/runaway/template/regular/blog-details.html]
[themetrading.com/html/runaway/template/regular/blog.html]
[themetrading.com/html/runaway/template/regular/index-5.html]
[themetrading.com/html/runaway/template/regular/index-6.html]
[themetrading.com/html/runaway/template/regular/images/comments/01.png]
[themetrading.com/html/runaway/template/regular/images/comments/02.png]
[themetrading.com/html/runaway/template/regular/images/comments/03.png]
[themetrading.com/html/runaway/template/regular/images/comments/04.png]
[themetrading.com/html/runaway/template/regular/images/recent-post/01.jpg]
[themetrading.com/html/runaway/template/regular/images/recent-post/02.jpg]
[themetrading.com/html/runaway/template/regular/images/recent-post/03.jpg]
[themetrading.com/html/runaway/template/regular/images/recent-post/04.jpg]
[themetrading.com/html/runaway/template/regular/blog-details-black.html]
[themetrading.com/html/runaway/template/regular/images/blog/04.jpg]
[themetrading.com/html/runaway/template/regular/images/blog/05.jpg]
[themetrading.com/html/runaway/template/regular/images/blog/06.jpg]
[themetrading.com/html/runaway/template/regular/blog-black.html]
[themetrading.com/html/runaway/template/regular/js/jquery.min.js]
[themetrading.com/html/runaway/template/regular/js/popper.min.js]
[themetrading.com/html/runaway/template/regular/js/bootstrap.min.js]
[themetrading.com/html/runaway/template/regular/js/plugins.js]
[themetrading.com/html/runaway/template/regular/js/particles.min.js]
[themetrading.com/html/runaway/template/regular/js/app.js]
[themetrading.com/html/runaway/template/regular/js/custom.js]
[themetrading.com/html/runaway/template/regular/fonts/fontawesome-webfont3e6e.html]
[themetrading.com/html/runaway/template/regular/fonts/fontawesome-webfontd41d.html]
[themetrading.com/html/runaway/template/regular/fonts/fontawesome-webfont3e6e-2.html]
[themetrading.com/html/runaway/template/regular/fonts/fontawesome-webfont3e6e-3.html]
[themetrading.com/html/runaway/template/regular/fonts/fontawesome-webfont3e6e-4.html]
[themetrading.com/html/runaway/template/regular/fonts/fontawesome-webfont3e6e.svg]
[themetrading.com/html/runaway/template/regular/fonts/Flaticon.html]
[themetrading.com/html/runaway/template/regular/fonts/Flaticond41d.html]
[themetrading.com/html/runaway/template/regular/fonts/Flaticon-2.html]
[themetrading.com/html/runaway/template/regular/fonts/Flaticon-3.html]
[themetrading.com/html/runaway/template/regular/fonts/Flaticon.svg]
[themetrading.com/html/runaway/template/regular/css/owl.video.play.html]
[themetrading.com/html/runaway/template/regular/blog-details.html]
[themetrading.com/html/runaway/template/regular/blog.html]
[themetrading.com/html/runaway/template/regular/popper.html]
[themetrading.com/html/runaway/template/regular/GET.html]
[themetrading.com/html/runaway/template/regular/Error pJS - No image.html]
